
Circuit 1 cell sky130_fd_pr__nfet_01v8 and Circuit 2 cell sky130_fd_pr__nfet_01v8 are black boxes.
Warning: Equate pins:  cell sky130_fd_pr__nfet_01v8 is a placeholder, treated as a black box.
Warning: Equate pins:  cell sky130_fd_pr__nfet_01v8 is a placeholder, treated as a black box.

Subcircuit pins:
Circuit 1: sky130_fd_pr__nfet_01v8         |Circuit 2: sky130_fd_pr__nfet_01v8         
-------------------------------------------|-------------------------------------------
1                                          |1                                          
2                                          |2                                          
3                                          |3                                          
4                                          |4                                          
---------------------------------------------------------------------------------------
Cell pin lists are equivalent.
Device classes sky130_fd_pr__nfet_01v8 and sky130_fd_pr__nfet_01v8 are equivalent.

Circuit 1 cell sky130_fd_pr__pfet_01v8 and Circuit 2 cell sky130_fd_pr__pfet_01v8 are black boxes.
Warning: Equate pins:  cell sky130_fd_pr__pfet_01v8 is a placeholder, treated as a black box.
Warning: Equate pins:  cell sky130_fd_pr__pfet_01v8 is a placeholder, treated as a black box.

Subcircuit pins:
Circuit 1: sky130_fd_pr__pfet_01v8         |Circuit 2: sky130_fd_pr__pfet_01v8         
-------------------------------------------|-------------------------------------------
1                                          |1                                          
2                                          |2                                          
3                                          |3                                          
4                                          |4                                          
---------------------------------------------------------------------------------------
Cell pin lists are equivalent.
Device classes sky130_fd_pr__pfet_01v8 and sky130_fd_pr__pfet_01v8 are equivalent.

Subcircuit summary:
Circuit 1: inv                             |Circuit 2: inv                             
-------------------------------------------|-------------------------------------------
sky130_fd_pr__nfet_01v8 (1)                |sky130_fd_pr__nfet_01v8 (1)                
sky130_fd_pr__pfet_01v8 (1)                |sky130_fd_pr__pfet_01v8 (1)                
Number of devices: 2                       |Number of devices: 2                       
Number of nets: 4                          |Number of nets: 4                          
---------------------------------------------------------------------------------------
Netlists match uniquely.

Subcircuit pins:
Circuit 1: inv                             |Circuit 2: inv                             
-------------------------------------------|-------------------------------------------
OUT                                        |OUT                                        
IN                                         |IN                                         
VN                                         |VN                                         
VP                                         |VP                                         
---------------------------------------------------------------------------------------
Cell pin lists are equivalent.
Device classes inv and inv are equivalent.

Subcircuit summary:
Circuit 1: inv_tap                         |Circuit 2: inv_tap                         
-------------------------------------------|-------------------------------------------
sky130_fd_pr__nfet_01v8 (1)                |sky130_fd_pr__nfet_01v8 (1)                
sky130_fd_pr__pfet_01v8 (1)                |sky130_fd_pr__pfet_01v8 (1)                
Number of devices: 2                       |Number of devices: 2                       
Number of nets: 4                          |Number of nets: 4                          
---------------------------------------------------------------------------------------
Netlists match uniquely.

Subcircuit pins:
Circuit 1: inv_tap                         |Circuit 2: inv_tap                         
-------------------------------------------|-------------------------------------------
OUT                                        |OUT                                        
IN                                         |IN                                         
VP                                         |VP                                         
VN                                         |VN                                         
---------------------------------------------------------------------------------------
Cell pin lists are equivalent.
Device classes inv_tap and inv_tap are equivalent.

Subcircuit summary:
Circuit 1: dff                             |Circuit 2: dff                             
-------------------------------------------|-------------------------------------------
sky130_fd_pr__pfet_01v8 (12)               |sky130_fd_pr__pfet_01v8 (12)               
sky130_fd_pr__nfet_01v8 (12)               |sky130_fd_pr__nfet_01v8 (12)               
Number of devices: 24                      |Number of devices: 24                      
Number of nets: 18                         |Number of nets: 18                         
---------------------------------------------------------------------------------------
Netlists match uniquely.

Subcircuit pins:
Circuit 1: dff                             |Circuit 2: dff                             
-------------------------------------------|-------------------------------------------
Q                                          |Q                                          
Qn                                         |Qn                                         
D                                          |D                                          
CLK                                        |CLK                                        
VP                                         |VP                                         
VN                                         |VN                                         
Dn2                                        |Dn2                                        
Dn1                                        |Dn1                                        
---------------------------------------------------------------------------------------
Cell pin lists are equivalent.
Device classes dff and dff are equivalent.

Subcircuit summary:
Circuit 1: xor                             |Circuit 2: xor                             
-------------------------------------------|-------------------------------------------
sky130_fd_pr__pfet_01v8 (4)                |sky130_fd_pr__pfet_01v8 (4)                
sky130_fd_pr__nfet_01v8 (4)                |sky130_fd_pr__nfet_01v8 (4)                
Number of devices: 8                       |Number of devices: 8                       
Number of nets: 9                          |Number of nets: 9                          
---------------------------------------------------------------------------------------
Resolving symmetries by property value.
Resolving symmetries by pin name.
Netlists match uniquely.

Subcircuit pins:
Circuit 1: xor                             |Circuit 2: xor                             
-------------------------------------------|-------------------------------------------
Y                                          |Y                                          
B                                          |B                                          
Bn                                         |Bn                                         
A                                          |A                                          
An                                         |An                                         
VP                                         |VP                                         
VN                                         |VN                                         
---------------------------------------------------------------------------------------
Cell pin lists are equivalent.
Device classes xor and xor are equivalent.

Subcircuit summary:
Circuit 1: ro                              |Circuit 2: ro                              
-------------------------------------------|-------------------------------------------
inv (5)                                    |inv (5)                                    
inv_tap (4)                                |inv_tap (4)                                
Number of devices: 9                       |Number of devices: 9                       
Number of nets: 11                         |Number of nets: 11                         
---------------------------------------------------------------------------------------
Netlists match uniquely.

Subcircuit pins:
Circuit 1: ro                              |Circuit 2: ro                              
-------------------------------------------|-------------------------------------------
RO_TAP_4                                   |RO_TAP_4                                   
RO_TAP_2                                   |RO_TAP_2                                   
RO_TAP_3                                   |RO_TAP_3                                   
RO_TAP_1                                   |RO_TAP_1                                   
RO_OUT                                     |RO_OUT                                     
VP                                         |VP                                         
VN                                         |VN                                         
---------------------------------------------------------------------------------------
Cell pin lists are equivalent.
Device classes ro and ro are equivalent.

Flattening instances of xor in cell xschem/simulation/trng.spice (0) makes a better match
Flattening instances of inv_tap in cell xschem/simulation/trng.spice (0) makes a better match
Flattening instances of dff in cell xschem/simulation/trng.spice (0) makes a better match
Making another compare attempt.

Flattening instances of ro in cell xschem/simulation/trng.spice (0) makes a better match
Making another compare attempt.

Cells have no pins;  pin matching not needed.
Device classes xschem/simulation/trng.spice and magic/trng.spice are equivalent.

Final result: Verify:  cell magic/trng.spice has no elements and/or nodes.  Not checked.
